// Jest Snapshot v1, https://goo.gl/fbAQLP

exports[`ArticlesList component renders ArticlesList 1`] = `
<DocumentFragment>
  <ul
    style="list-style: none;"
  />
</DocumentFragment>
`;
