// Jest Snapshot v1, https://goo.gl/fbAQLP

exports[`Article component renders Article 1`] = `
<DocumentFragment>
  <a
    style="font-size: 1.2rem;"
  />
  <p />
</DocumentFragment>
`;
