// Jest Snapshot v1, https://goo.gl/fbAQLP

exports[`Article renders the article 1`] = `[Function]`;
